// Vitest Snapshot v1

exports[`Button > snapshot test 1`] = `
"<button type=\\"button\\" title=\\"\\" class=\\"el-button el-button--default\\">
  <!---->
  <!---->
  <!---->
  <!----></button>"
`;

exports[`Button snapshot test 1`] = `"<div><button type=\\"button\\" title=\\"\\" class=\\"el-button el-button--primary\\"><!----> <!----> <!----> <span>主要按钮</span></button> <button type=\\"button\\" title=\\"\\" class=\\"el-button el-button--default\\"><!----> <!----> <!----> <span>白色次按钮</span></button> <button type=\\"button\\" title=\\"\\" class=\\"el-button el-button--primary is-radius\\"><!----> <!----> <!----> <span>圆角按钮</span></button> <button type=\\"button\\" title=\\"\\" class=\\"el-button el-button--text\\"><!----> <!----> <!----> <span>文字按钮</span></button> <button type=\\"button\\" title=\\"\\" class=\\"el-button el-button--link\\"><!----> <!----> <!----> <span>文字链接</span></button> <button type=\\"button\\" title=\\"\\" class=\\"el-button el-button--default is-icon\\"><!----> <i class=\\"h-icon-search\\"></i> <!----> <!----></button> <button type=\\"button\\" title=\\"\\" class=\\"el-button el-button--default is-icon is-icon-text\\"><!----> <i class=\\"h-icon-search\\"></i> <!----> <span>Search</span></button> <button type=\\"button\\" title=\\"\\" class=\\"el-button el-button--primary is-icon is-icon-text\\"><!----> <i class=\\"h-icon-search\\"></i> <!----> <span>Search</span></button> <button disabled=\\"disabled\\" type=\\"button\\" title=\\"\\" class=\\"el-button el-button--primary is-loading\\"><span class=\\"h-an-icon-loading h-icon-loading\\"><span class=\\"path1\\"></span> <span class=\\"path2\\"></span> <span class=\\"path3\\"></span> <span class=\\"path4\\"></span></span> <!----> <!----> <span>加载中</span></button> <button disabled=\\"disabled\\" type=\\"button\\" title=\\"\\" class=\\"el-button el-button--text is-loading\\"><span class=\\"h-an-icon-loading h-icon-loading\\"><span class=\\"path1\\"></span> <span class=\\"path2\\"></span> <span class=\\"path3\\"></span> <span class=\\"path4\\"></span></span> <!----> <!----> <span>文字按钮</span></button> <button type=\\"button\\" title=\\"\\" class=\\"el-button el-button--primary el-button--large\\"><!----> <!----> <!----> <span>large</span></button> <button type=\\"button\\" title=\\"\\" class=\\"el-button el-button--primary\\"><!----> <!----> <!----> <span>default</span></button> <button type=\\"button\\" title=\\"\\" class=\\"el-button el-button--primary el-button--small\\"><!----> <!----> <!----> <span>small</span></button> <button type=\\"button\\" title=\\"\\" class=\\"el-button el-button--primary el-button--mini\\"><!----> <!----> <!----> <span>mini</span></button> <button type=\\"button\\" title=\\"\\" class=\\"el-button el-button--success\\"><!----> <!----> <!----> <span>成功按钮</span></button> <button type=\\"button\\" title=\\"\\" class=\\"el-button el-button--warning\\"><!----> <!----> <!----> <span>警告按钮</span></button> <button type=\\"button\\" title=\\"\\" class=\\"el-button el-button--danger\\"><!----> <!----> <!----> <span>危险按钮</span></button> <button type=\\"button\\" title=\\"\\" class=\\"el-button el-button--info\\"><!----> <!----> <!----> <span>信息按钮</span></button></div>"`;
